// Jest Snapshot v1, https://goo.gl/fbAQLP

exports[`HomePage matches snapshot 1`] = `
<div>
  <h1>
    Loading...
  </h1>
</div>
`;
