// Jest Snapshot v1, https://goo.gl/fbAQLP

exports[`NotFoundPage matches snapshot 1`] = `
<div
  className="container"
>
  <h2>
    Sorry, the page at "
    foo
    " was not found
  </h2>
</div>
`;
